// Jest Snapshot v1, https://goo.gl/fbAQLP

exports[`All Orders should get orders 1`] = `
<div>
  <div
    class="all-products"
  >
    <table
      class="all-products-table"
    >
      <tr
        class="order-rows"
      >
        <td>
          Order ID
        </td>
        <td>
          Date
        </td>
        <td>
          Items
        </td>
      </tr>
      <tr
        class="order-rows"
      >
        <td>
          1
        </td>
        <td>
          Sun Mar 07 2021 18:36:00 GMT+0530 (India Standard Time)
        </td>
        <td>
          <table
            class="item-table"
          >
            <tr>
              <td>
                1
              </td>
              <td>
                apple
              </td>
              <td>
                1
              </td>
            </tr>
          </table>
        </td>
      </tr>
    </table>
  </div>
</div>
`;

exports[`All Orders should match snapshot for loading 1`] = `
<div>
  <div>
    Loading...
  </div>
</div>
`;
